{
    "hamronization_summarize": {
        "content": [
            "hamronization_combined_report.tsv:md5,69e71df9685cbd70579ac0030f624ca4"
        ],
        "meta": {
            "nf-test": "0.8.4",
            "nextflow": "24.04.1"
        },
        "timestamp": "2024-08-16T21:42:15.219521746"
    },
    "deeparg": {
        "content": [
            "ERZ1664501.mapping.ARG:md5,a4641ca28291c73f4ce664af575a4811",
            "ERZ1664503.mapping.ARG:md5,c217c176a55170cf7f342dd6b082bec6",
            "ERZ1664504.mapping.ARG:md5,2f2a6297dc8752766f65f2b3e966158d",
            "ERZ1664505.mapping.ARG:md5,be741b562796026b46f649c8fbe6e73d",
            "ERZ1664506.mapping.ARG:md5,17122078c5b1821ea9d841eb1775e987",
            "ERZ1664507.mapping.ARG:md5,6dbd85abafa0f892c4b557eb8f93b788",
            "ERZ1664508.mapping.ARG:md5,9a824269207740c926eb7d1ade69cd89",
            "ERZ1664509.mapping.ARG:md5,fa8ffd39d8405bd167bb1676b5a29db7",
            "ERZ1664510.mapping.ARG:md5,16f2e41c2378645dbbdf9867f9000acf",
            "ERZ1664511.mapping.ARG:md5,7f2bd09ed161162a82c3c10c06bf1ee8",
            "ERZ1664515.mapping.ARG:md5,a4bb295a414b9a26c4e2d032bb25624f",
            "ERZ1664516.mapping.ARG:md5,e3ec14da3e206782e1151593d801015d",
            "ERZ1664517.mapping.ARG:md5,9f22fec9df39231f0a52865ca9245451",
            "ERZ1664518.mapping.ARG:md5,821fd592c54795e2666277e3a2c84169",
            "ERZ1664520.mapping.ARG:md5,24942a7fadad6af031c116e8f9ea848e",
            "ERZ1664521.mapping.ARG:md5,d61ee33f0395ab5dbb6b65f816186d77",
            "ERZ1664523.mapping.ARG:md5,2ba512cfd091a9ab18825cd4d9560a83",
            "ERZ1664524.mapping.ARG:md5,d3fd9b70a667f37478c901c4ec5c69be",
            "ERZ1664528.mapping.ARG:md5,1da3f34f173fabe34ff5bc122d9ec7e8"
        ],
        "meta": {
            "nf-test": "0.8.4",
            "nextflow": "24.04.1"
        },
        "timestamp": "2024-08-16T21:42:11.887062467"
    },
    "ampir": {
        "content": [
            "ERZ1664501.ampir.tsv:md5,ef78b10c6f4c6a555eb9ef8d93291aad",
            "ERZ1664503.ampir.tsv:md5,7354b3c583443d9d3cab33ce3cb6327e",
            "ERZ1664504.ampir.tsv:md5,506a55b7dc97b33b5533febabde8b0cf",
            "ERZ1664505.ampir.tsv:md5,27f72ca9213aac5b0d857df638db692b",
            "ERZ1664506.ampir.tsv:md5,1c5df79369a889b136cdef0e89f3f120",
            "ERZ1664507.ampir.tsv:md5,a44751ce33a3384583dd43795d729245",
            "ERZ1664508.ampir.tsv:md5,a9267c72360b01116bc61ab360f01ab4",
            "ERZ1664509.ampir.tsv:md5,c0d8115529d6d8ee4989bd1e9dfe5766",
            "ERZ1664510.ampir.tsv:md5,2a6d6563be682769a83208fe025ed946",
            "ERZ1664511.ampir.tsv:md5,b96317516b603ea796d58366693e6b96",
            "ERZ1664515.ampir.tsv:md5,9fbeb531294e951336e4c91257d44e30",
            "ERZ1664516.ampir.tsv:md5,44dcbd1371c1fcfe0e98e756d6a74996",
            "ERZ1664517.ampir.tsv:md5,35a42d7aabc1edef65a0c0f2129530bc",
            "ERZ1664518.ampir.tsv:md5,c7c9157000642e158b6746c719d65a85",
            "ERZ1664520.ampir.tsv:md5,62f2e109031048fc593aa525405a19b4",
            "ERZ1664521.ampir.tsv:md5,91bebaf23d2a63192359178af8ae1d42",
            "ERZ1664523.ampir.tsv:md5,1e01f9649dc2e9bebd8ce635e051e3df",
            "ERZ1664524.ampir.tsv:md5,8ea8ca6483c416695ad2307e7a939f8d",
            "ERZ1664528.ampir.tsv:md5,a239169a2cd41265693442694bb5e329",
            "ERZ1664501.ampir.faa:md5,88d04f76764566e029f1a0eb7481bd50",
            "ERZ1664503.ampir.faa:md5,754b00982b99d20d24ddd2c39e3db060",
            "ERZ1664504.ampir.faa:md5,c6e84c9ee141c097decb89def230a70b",
            "ERZ1664505.ampir.faa:md5,7519e8f28ca3c3e8b33e65a672b6f418",
            "ERZ1664506.ampir.faa:md5,39162c25303085463d893acee70c2921",
            "ERZ1664507.ampir.faa:md5,8119bbc3daa1fc93cf3760b359001212",
            "ERZ1664508.ampir.faa:md5,369131964554c5d7b7b56a99a4eeb851",
            "ERZ1664509.ampir.faa:md5,2594cd39d2d0cf96d303955528e9c962",
            "ERZ1664510.ampir.faa:md5,9bf556234e1a9843d7155118cb8b6afb",
            "ERZ1664511.ampir.faa:md5,5ddc4c648af3db91d1aba27527c13622",
            "ERZ1664515.ampir.faa:md5,a7830a1af51b290793af9ac83d8c3296",
            "ERZ1664516.ampir.faa:md5,6c5b07f03f6f1bc55a44e0a8cbc18cb3",
            "ERZ1664517.ampir.faa:md5,2c59abb9b9bfc690f97fefe10a6bc4ce",
            "ERZ1664518.ampir.faa:md5,7f5519edb85db37903f3665541219c69",
            "ERZ1664520.ampir.faa:md5,f3314a405c3c33e05722a8ab6021cb64",
            "ERZ1664521.ampir.faa:md5,139303c88f5f5a4041ee059519ba7f98",
            "ERZ1664523.ampir.faa:md5,fb34351d27a405e4a9968664878a0fd4",
            "ERZ1664524.ampir.faa:md5,e4660c8d3ac00779a26ee2f0105bba2a",
            "ERZ1664528.ampir.faa:md5,36fd7ea6830c3068015105d20b4404a7"
        ],
        "meta": {
            "nf-test": "0.8.4",
            "nextflow": "24.04.1"
        },
        "timestamp": "2024-08-16T21:42:05.572253729"
    },
    "argnorm_amrfinderplus": {
        "content": [
            "ERZ1664501.normalized.tsv:md5,ef07ef517f4e73b6cfd4155d14f1a459",
            "ERZ1664503.normalized.tsv:md5,4a6be3b2878c77c351581283a3c6cb92",
            "ERZ1664504.normalized.tsv:md5,8e984c4365df778d75e80c2928bad20d",
            "ERZ1664505.normalized.tsv:md5,cbe3ce3a810cc6c628268617d2924f51",
            "ERZ1664506.normalized.tsv:md5,14225d75f1af11a6b667d1a80a14e9d4",
            "ERZ1664507.normalized.tsv:md5,8febe711ddd369571c5dd071d77fdbeb",
            "ERZ1664508.normalized.tsv:md5,973d098a82e9d67e87a1bd7a2684299a",
            "ERZ1664509.normalized.tsv:md5,e0a387b6727320a712e204af4776bd79",
            "ERZ1664510.normalized.tsv:md5,949b8524b11e281d53fa67037a346497",
            "ERZ1664511.normalized.tsv:md5,810ff27b0c8664f2350ade9e76095574",
            "ERZ1664515.normalized.tsv:md5,64847a921608f2b37ecfbc324fec1cb1",
            "ERZ1664516.normalized.tsv:md5,d25d1d43562344b463802dc5dfaccf52",
            "ERZ1664517.normalized.tsv:md5,4d8e73eccd1001ebc6225167df6a2374",
            "ERZ1664518.normalized.tsv:md5,f8b744ae41b1d0ba101ae9a228529d05",
            "ERZ1664520.normalized.tsv:md5,f036a7211ad6df9b874bad4c99c5ddda",
            "ERZ1664521.normalized.tsv:md5,e41c50f9524dfdde17bf782dfc6c7eea",
            "ERZ1664523.normalized.tsv:md5,8590e4c5437121a93f527f55125291c5",
            "ERZ1664524.normalized.tsv:md5,951d29c42bd2890bc1a28d91a3f9bb84",
            "ERZ1664528.normalized.tsv:md5,52495202c208557c2c9ee0c7b7ef5497"
        ],
        "meta": {
            "nf-test": "0.8.4",
            "nextflow": "24.04.1"
        },
        "timestamp": "2024-08-19T17:43:22.768320462"
    },
    "argnorm_abricate": {
        "content": [
            "ERZ1664501.normalized.tsv:md5,618aa19dcaed5d3a5909cb84393d90cb",
            "ERZ1664503.normalized.tsv:md5,f2ee4aeafc929e3893677c271b3a04d4",
            "ERZ1664504.normalized.tsv:md5,88b9a76d726402b95b2cd348459f0666",
            "ERZ1664505.normalized.tsv:md5,817218f39d51d6f327623b26512e2e2d",
            "ERZ1664506.normalized.tsv:md5,66806a70c95b2186f085f27661639738",
            "ERZ1664507.normalized.tsv:md5,47e109f815e4b8e8d28aaeb75e4947b7",
            "ERZ1664508.normalized.tsv:md5,60990fe382f0b43a288a8f66bcbde19f",
            "ERZ1664509.normalized.tsv:md5,9710235350f4ff66c06b4abb78c23f80",
            "ERZ1664510.normalized.tsv:md5,520f6eff7afdc9c52b9a1a8bb363fe85",
            "ERZ1664511.normalized.tsv:md5,893ce88576218cd6acb246046eadb1af",
            "ERZ1664515.normalized.tsv:md5,f88c35c590379f3a8a62664679d7404b",
            "ERZ1664516.normalized.tsv:md5,b0499afcad11e34f3224e58431fd1aff",
            "ERZ1664517.normalized.tsv:md5,79d79caa0a5a87a8dfb48eb67e4bf3f1",
            "ERZ1664518.normalized.tsv:md5,8cee92e968b380c2c1ab6b5707608092",
            "ERZ1664520.normalized.tsv:md5,4ba7e4daeeaf7f5d064131a742225152",
            "ERZ1664521.normalized.tsv:md5,b724f087cc957400a5ff404a11535e29",
            "ERZ1664523.normalized.tsv:md5,6cbe41ccfb7660e70aec3b711a33e18d",
            "ERZ1664524.normalized.tsv:md5,658d14b9cfd773bc0ada2da2f44252cd",
            "ERZ1664528.normalized.tsv:md5,a3db7b884b5fe91a59cf55c332fd0337"
        ],
        "meta": {
            "nf-test": "0.8.4",
            "nextflow": "24.04.3"
        },
        "timestamp": "2024-07-24T00:54:44.957353948"
    },
    "gecco": {
        "content": [
            "ERZ1664504.220-NODE-220-length-4587-cov-2.552957_cluster_1.gbk:md5,261a667aef6a1fed0aab0a1e6c4c396f",
            "ERZ1664504.48-NODE-48-length-9582-cov-5.239425_cluster_1.gbk:md5,1b0d356ed26b09b3c62e7bf06b003c1a",
            "ERZ1664506.42-NODE-42-length-11967-cov-6.006380_cluster_1.gbk:md5,1c2e2d8033286841b412399039bbfd24",
            "ERZ1664508.3061-NODE-3061-length-1263-cov-3.647351_cluster_1.gbk:md5,fc75b2afba00fa0c08fc677920c3dab5",
            "ERZ1664510.123-NODE-123-length-8863-cov-8.649410_cluster_1.gbk:md5,1ebcc9f338bf402483f671b9e641b9f3",
            "ERZ1664510.210-NODE-210-length-5173-cov-7.860688_cluster_1.gbk:md5,e11a7207dae596faa24f3ccc3bd4078d",
            "ERZ1664511.16-NODE-16-length-49668-cov-9.810473_cluster_1.gbk:md5,611d4b75a1206df0ced28fb49de5d970",
            "ERZ1664515.9-NODE-9-length-49063-cov-10.926196_cluster_1.gbk:md5,b4c89821cb6f28be3408e88490d38ae9",
            "ERZ1664516.158-NODE-158-length-6232-cov-9.863850_cluster_1.gbk:md5,110480bf384c530e7aff3ad42be5e9fd",
            "ERZ1664517.38-NODE-38-length-19981-cov-8.613771_cluster_1.gbk:md5,e2adfe2599cc481c84ef41167ef0192e",
            "ERZ1664518.217-NODE-217-length-4457-cov-6.415947_cluster_1.gbk:md5,2c34b0b6e3611bba535afdea3b5d8f5a",
            "ERZ1664521.1871-NODE-1871-length-1473-cov-1.858251_cluster_1.gbk:md5,9b91e8a5adc522ffa4a5fc47a2fbb570",
            "ERZ1664521.895-NODE-895-length-1964-cov-2.221058_cluster_1.gbk:md5,f39ce0627a18c84feba727596b5e9b69",
            "ERZ1664523.16-NODE-16-length-15072-cov-6.654591_cluster_1.gbk:md5,4e1c5e95f7d4c6e1e61a8ceddfa3137e",
            "ERZ1664524.1150-NODE-1150-length-2386-cov-3.450879_cluster_1.gbk:md5,78b7101cad30b392a7bbf6d9be7c5152",
            "ERZ1664524.54-NODE-54-length-9607-cov-5.345582_cluster_1.gbk:md5,56a8f6598d928e7514ab2a5ab663f076",
            "ERZ1664528.138-NODE-138-length-5805-cov-4.599304_cluster_1.gbk:md5,096bf5dc83df18507982bd9b3dc0cf72",
            "ERZ1664528.1641-NODE-1641-length-2049-cov-4.697091_cluster_1.gbk:md5,c122763612b7cbe1967d98784cb11273"
        ],
        "meta": {
            "nf-test": "0.8.4",
            "nextflow": "24.04.1"
        },
        "timestamp": "2024-08-19T17:43:36.771956416"
    },
    "antismash": {
        "content": [
            true,
            true,
            true,
            true,
            true,
            true,
            true,
            true,
            true,
            true,
            true,
            true,
            true,
            true,
            true,
            true,
            true,
            true,
            true
        ],
        "meta": {
            "nf-test": "0.8.4",
            "nextflow": "24.04.3"
        },
        "timestamp": "2024-07-24T00:54:59.889179408"
    },
    "argnorm_deeparg": {
        "content": [
            "ERZ1664501.ARG.normalized.tsv:md5,b1112b8509e77e01b6810b71c9ab4cd2",
            "ERZ1664503.ARG.normalized.tsv:md5,b736252e5dafbea27284d73650a1fae2",
            "ERZ1664504.ARG.normalized.tsv:md5,6e8daa74f53ed59b99e2e281153a2a1b",
            "ERZ1664505.ARG.normalized.tsv:md5,1ca35eca67e9d8cb61acaf80a0b27425",
            "ERZ1664506.ARG.normalized.tsv:md5,2bba2c688159baff5b48d7547d330444",
            "ERZ1664507.ARG.normalized.tsv:md5,63e96001b1ab9a64724f4c3c38c21004",
            "ERZ1664508.ARG.normalized.tsv:md5,59764d22d08c34e3a5cefd682257b5f6",
            "ERZ1664509.ARG.normalized.tsv:md5,86730f7950d84ef4a48e2042d92d9abc",
            "ERZ1664510.ARG.normalized.tsv:md5,361e6f9a96d923f97d685df86492068a",
            "ERZ1664511.ARG.normalized.tsv:md5,87628e85f45fd91c51c4fa1fe40a4150",
            "ERZ1664515.ARG.normalized.tsv:md5,4e38fecd8c8ad0242e1b1907072af64b",
            "ERZ1664516.ARG.normalized.tsv:md5,79ef10afc7673dcc633861d1e5871b24",
            "ERZ1664517.ARG.normalized.tsv:md5,abed6aef4acab35851fb2e12f276a9e0",
            "ERZ1664518.ARG.normalized.tsv:md5,6d8c2154cad737d01eceb497ee3482b3",
            "ERZ1664520.ARG.normalized.tsv:md5,fd60cd7748be9074357033907053a0b0",
            "ERZ1664521.ARG.normalized.tsv:md5,d4a368c0125cad652e07065516da794b",
            "ERZ1664523.ARG.normalized.tsv:md5,6473552807041db9b4fd0cd17a81659c",
            "ERZ1664524.ARG.normalized.tsv:md5,03840f3b0030f196bd890fb1e576d952",
            "ERZ1664528.ARG.normalized.tsv:md5,473d63c133be0c8d402af3bcf0fbfda9"
        ],
        "meta": {
            "nf-test": "0.8.4",
            "nextflow": "24.04.1"
        },
        "timestamp": "2024-08-19T17:43:22.511288416"
    },
    "macrel": {
        "content": [
            "ERZ1664501.macrel.prediction.gz:md5,a553cb5d0745a01816c7b9c75822df29",
            "ERZ1664503.macrel.prediction.gz:md5,3ca2cd9a6d999725b4a487c13ddb7fd9",
            "ERZ1664504.macrel.prediction.gz:md5,52e9c1ec54f486765dea07d97b1c97b7",
            "ERZ1664505.macrel.prediction.gz:md5,94fa17cce88549aab16555ee598c02bb",
            "ERZ1664506.macrel.prediction.gz:md5,732be08d0236cf63641ef445a02cf1ee",
            "ERZ1664507.macrel.prediction.gz:md5,eab2d426cf31a47597e61ddb25bf3d49",
            "ERZ1664508.macrel.prediction.gz:md5,a0e40483e0136c3bb4abea9c9cba7d4b",
            "ERZ1664509.macrel.prediction.gz:md5,47ca65c261cf402b390f6951bb1ed9dc",
            "ERZ1664510.macrel.prediction.gz:md5,3e6ca785e579757616fe515efef1537e",
            "ERZ1664511.macrel.prediction.gz:md5,df36fa0448591690fc6b7ded2517256e",
            "ERZ1664515.macrel.prediction.gz:md5,b896ac50f6ebec1e725cff67bdff8fed",
            "ERZ1664516.macrel.prediction.gz:md5,5dcbc87c6a44e8783dfe48b6385dfca8",
            "ERZ1664517.macrel.prediction.gz:md5,02373e1b4383dc7501e7e142c9443b7a",
            "ERZ1664518.macrel.prediction.gz:md5,7290477960af29a76563e8ded5d4a623",
            "ERZ1664520.macrel.prediction.gz:md5,bdf1a379ee49e34b9a448762e5301926",
            "ERZ1664521.macrel.prediction.gz:md5,91bd81f6c4e5c8ff4cc684ec04fa0a30",
            "ERZ1664523.macrel.prediction.gz:md5,cee5ae9ba4a8a3879ab245b767815394",
            "ERZ1664524.macrel.prediction.gz:md5,73f21254f4e4056a71ebf43851af3698",
            "ERZ1664528.macrel.prediction.gz:md5,2e957f217c570a58ee61d97c690c1424"
        ],
        "meta": {
            "nf-test": "0.8.4",
            "nextflow": "24.04.1"
        },
        "timestamp": "2024-08-16T21:42:08.697655199"
    },
    "abricate": {
        "content": [
            "ERZ1664501.txt:md5,1ace32d2d44194d635db31daa89a6fae",
            "ERZ1664503.txt:md5,da890e2cef1b1a34ec035f6198f0a60b",
            "ERZ1664504.txt:md5,3db1864a6efe5321379e89dcee34d505",
            "ERZ1664505.txt:md5,317354f6091bad44ab5852399d48eb4a",
            "ERZ1664506.txt:md5,8fcc568d6a15d1c3ac889169ce884093",
            "ERZ1664507.txt:md5,0be8f76b35aca900f8f7fa6d2e7fc1f9",
            "ERZ1664508.txt:md5,357da5e192d9a17b501446e181f41942",
            "ERZ1664509.txt:md5,c14f4aef2c96e8c4f6688af35fe07a2c",
            "ERZ1664510.txt:md5,0d88060e28b267a308271a2a2af38b12",
            "ERZ1664511.txt:md5,46adf11d5d3952e3709ba05ec76b5e8a",
            "ERZ1664515.txt:md5,4b7a0db47ac6e9baf723e6b2ef31bfc4",
            "ERZ1664516.txt:md5,1ccfd94077fe329f7b30351aa846b327",
            "ERZ1664517.txt:md5,8137ab84373a5300c9626a9459a2c935",
            "ERZ1664518.txt:md5,db514f4bef8de0d4799f478e1807adc6",
            "ERZ1664520.txt:md5,a3afa2368c941cdb0c4abd8efa855f0e",
            "ERZ1664521.txt:md5,2849a78188c4793d4608ba1775da1d58",
            "ERZ1664523.txt:md5,507e1710e7220965010ad8375b4c434a",
            "ERZ1664524.txt:md5,b7d380fe3fbcb0fe2ac23823cb6b35e8",
            "ERZ1664528.txt:md5,64aff1aaaab8b3d009edd40527446c08"
        ],
        "meta": {
            "nf-test": "0.8.4",
            "nextflow": "24.04.3"
        },
        "timestamp": "2024-07-24T00:54:25.215727223"
    },
    "fargene": {
        "content": [
            "results_summary.txt:md5,3061d75086b3d25605eda0ea05e1c927",
            "results_summary.txt:md5,ea00de6524c521e06583ee13ffbcf338",
            "results_summary.txt:md5,c5a6205a249cb6112b6235bbab51c60d",
            "results_summary.txt:md5,c5a6205a249cb6112b6235bbab51c60d",
            "results_summary.txt:md5,cc647b7810c7335edb6aa939f9f0fbde",
            "results_summary.txt:md5,fa58a7f510100be20ce22fe3f6b036e3",
            "results_summary.txt:md5,33b51ce0c8ba7c65bdb8bfe1480d85cb",
            "results_summary.txt:md5,fa58a7f510100be20ce22fe3f6b036e3",
            "results_summary.txt:md5,f3f36761cda3fbb23e0250f9b0b6657a",
            "results_summary.txt:md5,f3f36761cda3fbb23e0250f9b0b6657a",
            "results_summary.txt:md5,657d012f697a1a9e3ce7f8a0f675aed0",
            "results_summary.txt:md5,f3f36761cda3fbb23e0250f9b0b6657a",
            "results_summary.txt:md5,f3f36761cda3fbb23e0250f9b0b6657a",
            "results_summary.txt:md5,c5a6205a249cb6112b6235bbab51c60d",
            "results_summary.txt:md5,33b51ce0c8ba7c65bdb8bfe1480d85cb",
            "results_summary.txt:md5,54ba6a1a657fea6b78abac50820c2c24",
            "results_summary.txt:md5,f3f36761cda3fbb23e0250f9b0b6657a",
            "results_summary.txt:md5,f3f36761cda3fbb23e0250f9b0b6657a",
            "results_summary.txt:md5,cc647b7810c7335edb6aa939f9f0fbde"
        ],
        "meta": {
            "nf-test": "0.8.4",
            "nextflow": "24.04.3"
        },
        "timestamp": "2024-07-24T00:54:34.896363945"
    },
    "rgi": {
        "content": [
            "ERZ1664501.txt:md5,631580295a01dfa9942a84ec6daddb7e",
            "ERZ1664503.txt:md5,19b414d2f84d99e7da99558f13ddc3e5",
            "ERZ1664504.txt:md5,35cfd6af482966669d98a65b56331a3d",
            "ERZ1664505.txt:md5,d9f983090909140617bc784635220c4b",
            "ERZ1664506.txt:md5,7a52f37f5672b06b05741ee058391f8f",
            "ERZ1664507.txt:md5,721b11a0d9a16cbcbfd9004478b00600",
            "ERZ1664508.txt:md5,b216d24eb67e17b00176fd0e9fddee2d",
            "ERZ1664509.txt:md5,a83a12f5eee2817adde168ceea2918c5",
            "ERZ1664510.txt:md5,648ff158c4eb26a5ea32d784f035919e",
            "ERZ1664511.txt:md5,9bae24f90a3ec78bf949a98fdf22a497",
            "ERZ1664515.txt:md5,2d0d0b2f048fa6c28840b1b6a2c9454d",
            "ERZ1664516.txt:md5,eb69d148d8dad471c8d9a36dd915f4a4",
            "ERZ1664517.txt:md5,79b0f80950eb5f0f51542b394a77a173",
            "ERZ1664518.txt:md5,887de51b7632b0c635b0fe6deda75266",
            "ERZ1664520.txt:md5,3caf2e1b0afcbfb73522bfa1cee1d06e",
            "ERZ1664521.txt:md5,19334a653a98bbced73f1f2ec92e4eb8",
            "ERZ1664523.txt:md5,0e47ce5c41d4d0d39d270a18ce62773a",
            "ERZ1664524.txt:md5,8ca49d7dee9c7de25910de130de93859",
            "ERZ1664528.txt:md5,6a10752196f2f33bcee972d15d669803"
        ],
        "meta": {
            "nf-test": "0.8.4",
            "nextflow": "24.04.3"
        },
        "timestamp": "2024-07-24T00:54:31.62460906"
    },
    "amrfinderplus": {
        "content": [
            "ERZ1664501.tsv:md5,dd81ffbf4ceddfd08df9c93d350d19fa",
            "ERZ1664503.tsv:md5,7b1e3c4be2e369a2ca04fcd63da1acaa",
            "ERZ1664504.tsv:md5,34f751f50617c9612b2e84ee61182ace",
            "ERZ1664505.tsv:md5,195ee9875c095324bf9da03627551f71",
            "ERZ1664506.tsv:md5,ab833bb2d72e4165130c590feeb81abc",
            "ERZ1664507.tsv:md5,a416a831bcc9f2334064c45b04b65893",
            "ERZ1664508.tsv:md5,7bf5af85e96374b92dec02986f55cd29",
            "ERZ1664509.tsv:md5,90090405b63b9e4e6b115ad4d7658681",
            "ERZ1664510.tsv:md5,5cf184c3f55fca8b2ab74fd8e2c68c8b",
            "ERZ1664511.tsv:md5,caac6335c1ef383c33173a8a627c0a95",
            "ERZ1664515.tsv:md5,cc8b7e5d2df434729a08b0aabefba91c",
            "ERZ1664516.tsv:md5,1a92c5bec7ff819a6f830a1726894f7c",
            "ERZ1664517.tsv:md5,d8c4989f198d6853e35820da21feffe2",
            "ERZ1664518.tsv:md5,709d6bfb280c509b74f3c1b4d8a1c4bc",
            "ERZ1664520.tsv:md5,2367abb0f961e00bf8dcdfe7e6083c2c",
            "ERZ1664521.tsv:md5,12f6aee5987e86669534d3b64a62a840",
            "ERZ1664523.tsv:md5,ba69795aaea671108bfa1e48c509dd79",
            "ERZ1664524.tsv:md5,b0aa6f732ca2b922d2291deaba0d1312",
            "ERZ1664528.tsv:md5,93249b05df4a0587db305684da8a1f8e"
        ],
        "meta": {
            "nf-test": "0.8.4",
            "nextflow": "24.04.3"
        },
        "timestamp": "2024-07-24T00:54:28.386682111"
    }
}