{
    "antismash_css": {
        "content": [
            [
                "bacteria.css:md5,39c0ca9cbc64cb824dc958b26b5b4ab8"
            ]
        ],
        "meta": {
            "nf-test": "0.9.0",
            "nextflow": "24.04.3"
        },
        "timestamp": "2024-07-24T10:39:33.879464917"
    },
    "deepbgc_bgc_gbk": {
        "content": [
            "sample_2.bgc.gbk:md5,d41d8cd98f00b204e9800998ecf8427e"
        ],
        "meta": {
            "nf-test": "0.9.0",
            "nextflow": "24.04.3"
        },
        "timestamp": "2024-07-24T10:39:33.920624113"
    },
    "gecco": {
        "content": [
            "sample_2.genes.tsv:md5,050b82ca462430ecc0635acb2e297531",
            "sample_2.features.tsv:md5,79354868ee3de6fdc419195b8fa8edb6"
        ],
        "meta": {
            "nf-test": "0.9.0",
            "nextflow": "24.04.3"
        },
        "timestamp": "2024-07-24T10:39:33.944935473"
    }
}